[1/105] 2-6609104-6 (ac_dc_power_jack)
[2/105] 3-103-873 (ac_dc_power_jack)
[3/105] 2-1609114-6 (ac_dc_power_jack)
[4/105] 03IB2S (ac_dc_power_jack)
[5/105] 6610-5-711-10-1151-00 (ac_dc_power_jack)
[6/105] YK3151833000G (barrier_terminal_block)
[7/105] T38211160 (barrier_terminal_block)
[8/105] 325108230 (barrier_terminal_block)
[9/105] 238111250 (barrier_terminal_block)
[10/105] T38020090 (barrier_terminal_block)
[11/105] EGM18DTAN (board_to_board_connector)
[12/105] GEM22DRUH (board_to_board_connector)
[13/105] 392-052-558-202 (board_to_board_connector)
[14/105] TW-06-06-L-D-440-SM-A (board_to_board_connector)
[15/105] 346-040-500-603 (board_to_board_connector)
[16/105] 2007884-1 (card_edge_backplane_connector)
[17/105] 51866-048LF (card_edge_backplane_connector)
[18/105] PLB08F200A1 (card_edge_backplane_connector)
[19/105] 516-038-542-501 (card_edge_backplane_connector)
[20/105] VRM-04-50-200-50-00-L (card_edge_backplane_connector)
[21/105] 9-2199154-5 (card_socket_connector)
[22/105] M30-C105-00008 (card_socket_connector)
[23/105] 0787301003 (card_socket_connector)
[24/105] 1-1565691-4 (card_socket_connector)
[25/105] DDR504222804J (card_socket_connector)
[26/105] MKJ4B1Z7-10PB (circular_connector)
[27/105] LJTPQ00RE-17-6SB(SRLC) (circular_connector)
[28/105] 9444W18-4A (circular_connector)
[29/105] M85049/17-08Z01A (circular_connector)
[30/105] M83723/77R24617 (circular_connector)
[31/105] CBD5W5M00GT2Z (d_sub_connector)
[32/105] RD50M0S50V3S (d_sub_connector)
[33/105] CBD2WK2M00AN0Z (d_sub_connector)
[34/105] DD26M00ANT2X/AA (d_sub_connector)
[35/105] 553258-1 (d_sub_connector)
[36/105] ARJM11B1-008-AD-CW4 (ethernet_rj45_connector)
[37/105] PC4D0042-1910NY-46-J (ethernet_rj45_connector)
[38/105] SI-60162-F (ethernet_rj45_connector)
[39/105] ARJM11C7-007-NN-CW2 (ethernet_rj45_connector)
[40/105] TM21P-88P(62) (ethernet_rj45_connector)
[41/105] CP30245M3B (fiber_optic_connector)
[42/105] FC3XO-16-10A (fiber_optic_connector)
[43/105] FC2ZO-12-10AF (fiber_optic_connector)
[44/105] OPSB1ANNC1P1 (fiber_optic_connector)
[45/105] PXF4051 (fiber_optic_connector)
[46/105] 06FMN-BMTTN-A-TF (fpc_ffc_connector)
[47/105] TF38-16S-0.5SV(830) (fpc_ffc_connector)
[48/105] 1-88859-0 (fpc_ffc_connector)
[49/105] XF3M(1)-2015-1B (fpc_ffc_connector)
[50/105] 84953-8 (fpc_ffc_connector)
[51/105] 0472660001 (hdmi_connector)
[52/105] 0476301010 (hdmi_connector)
[53/105] DIS-23PFFS-SL8001 (hdmi_connector)
[54/105] HDMR-29-01-F-SM (hdmi_connector)
[55/105] 0471510112 (hdmi_connector)
[56/105] HLS-0412-S-2 (ic_socket_connector)
[57/105] 36-0518-10 (ic_socket_connector)
[58/105] 116-43-632-61-008000 (ic_socket_connector)
[59/105] ICA-624-ZSGG-L (ic_socket_connector)
[60/105] APH-0820-G-R (ic_socket_connector)
[61/105] FX2-20P-1.27DS (idc_connector)
[62/105] 2129260-1 (idc_connector)
[63/105] 112-014-213R001 (idc_connector)
[64/105] 15732500 (idc_connector)
[65/105] DX10AM-110SE2(50) (idc_connector)
[66/105] MTSW-112-07-L-S-175 (pin_header_socket)
[67/105] 1524910000 (pin_header_socket)
[68/105] MTMM-120-13-F-S-495 (pin_header_socket)
[69/105] SL 11 214 8 S (pin_header_socket)
[70/105] AW140-EG-G33A (pin_header_socket)
[71/105] 785-601 (pluggable_terminal_block)
[72/105] 15433.2 (pluggable_terminal_block)
[73/105] CX4/3/BL (pluggable_terminal_block)
[74/105] TJS320601 (pluggable_terminal_block)
[75/105] DP25-OR (pluggable_terminal_block)
[76/105] 1340G3-BK (power_connector)
[77/105] 105G12 (power_connector)
[78/105] 5953-BK (power_connector)
[79/105] 2-8255P13 (power_connector)
[80/105] 115G1-BK (power_connector)
[81/105] DF65-3S-1.7C (rectangular_connector)
[82/105] 1924393-1 (rectangular_connector)
[83/105] 9134564J0091 (rectangular_connector)
[84/105] STW12-34HG (rectangular_connector)
[85/105] 1605637 (rectangular_connector)
[86/105] 9133-9113-000 (rf_coaxial_connector)
[87/105] 51K507-803N5 (rf_coaxial_connector)
[88/105] 2082460204 (rf_coaxial_connector)
[89/105] CONMMCX013 (rf_coaxial_connector)
[90/105] RTD-75-M-00 (rf_coaxial_connector)
[91/105] USBBFTV7PE2N (usb_connector)
[92/105] MUSBA111M5 (usb_connector)
[93/105] USB-B-S-RA-WT-SPCC (usb_connector)
[94/105] GSB343K331HR (usb_connector)
[95/105] E8124-001-01 (usb_connector)
[96/105] KZ2170500000G (wire_to_board_connector)
[97/105] 1333827 (wire_to_board_connector)
[98/105] T32404540000G (wire_to_board_connector)
[99/105] AWLP 64/3,2-AS (wire_to_board_connector)
[100/105] 1751293 (wire_to_board_connector)
[101/105] 696427-1 (wire_to_wire_connector)
[102/105] 1301440027 (wire_to_wire_connector)
[103/105] PCSB350-4-3 (wire_to_wire_connector)
[104/105] BLKPSB2/0-AP-12 (wire_to_wire_connector)
[105/105] 0191980007 (wire_to_wire_connector)
Wrote 105 rows -> /home/zhengtianyou/Projects/data_etl/data_etl/artifacts/connector/connector_class_review_20260623.tsv
判定分布: {'consistent': 97, 'signal_missing': 8}
our_rule_gap=0 (0.0%)
