==> 加载得捷 cookie: /home/zhengtianyou/Projects/data_etl/data_etl/sql_scripts/test/connector/.playwright-state/digikey/state.json
==> 得捷首页预热 …
    得捷 CF 未通过（机房 IP 常见）；可本地 Chrome 登录后导出 /home/zhengtianyou/Projects/data_etl/data_etl/sql_scripts/test/connector/.playwright-state/digikey/state.json 再 --retry-bot
[1/105] 2-6609104-6 (ac_dc_power_jack) [detail]
[2/105] 3-103-873 (ac_dc_power_jack) [detail]
[3/105] 2-1609114-6 (ac_dc_power_jack) [detail]
[4/105] 03IB2S (ac_dc_power_jack) [detail]
[5/105] 6610-5-711-10-1151-00 (ac_dc_power_jack) [detail]
[6/105] YK3151833000G (barrier_terminal_block) [detail]
[7/105] T38211160 (barrier_terminal_block) [detail]
[8/105] 325108230 (barrier_terminal_block) [detail]
[9/105] 238111250 (barrier_terminal_block) [detail]
[10/105] T38020090 (barrier_terminal_block) [detail]
[11/105] EGM18DTAN (board_to_board_connector) [detail]
[12/105] GEM22DRUH (board_to_board_connector) [detail]
[13/105] 392-052-558-202 (board_to_board_connector) [detail]
[14/105] TW-06-06-L-D-440-SM-A (board_to_board_connector) [detail]
[15/105] 346-040-500-603 (board_to_board_connector) [detail]
[16/105] 2007884-1 (card_edge_backplane_connector) [detail]
[17/105] 51866-048LF (card_edge_backplane_connector) [detail]
[18/105] PLB08F200A1 (card_edge_backplane_connector) [detail]
[19/105] 516-038-542-501 (card_edge_backplane_connector) [detail]
[20/105] VRM-04-50-200-50-00-L (card_edge_backplane_connector) [detail]
[21/105] 9-2199154-5 (card_socket_connector) [detail]
[22/105] M30-C105-00008 (card_socket_connector) [detail]
[23/105] 0787301003 (card_socket_connector) [detail]
[24/105] 1-1565691-4 (card_socket_connector) [detail]
[25/105] DDR504222804J (card_socket_connector) [detail]
[26/105] MKJ4B1Z7-10PB (circular_connector) [detail]
[27/105] LJTPQ00RE-17-6SB(SRLC) (circular_connector) [detail]
[28/105] 9444W18-4A (circular_connector) [detail]
[29/105] M85049/17-08Z01A (circular_connector) [detail]
[30/105] M83723/77R24617 (circular_connector) [detail]
[31/105] CBD5W5M00GT2Z (d_sub_connector) [detail]
[32/105] RD50M0S50V3S (d_sub_connector) [detail]
[33/105] CBD2WK2M00AN0Z (d_sub_connector) [detail]
[34/105] DD26M00ANT2X/AA (d_sub_connector) [detail]
[35/105] 553258-1 (d_sub_connector) [detail]
[36/105] ARJM11B1-008-AD-CW4 (ethernet_rj45_connector) [detail]
[37/105] PC4D0042-1910NY-46-J (ethernet_rj45_connector) [detail]
[38/105] SI-60162-F (ethernet_rj45_connector) [detail]
[39/105] ARJM11C7-007-NN-CW2 (ethernet_rj45_connector) [detail]
[40/105] TM21P-88P(62) (ethernet_rj45_connector) [detail]
[41/105] CP30245M3B (fiber_optic_connector) [detail]
[42/105] FC3XO-16-10A (fiber_optic_connector) [detail]
[43/105] FC2ZO-12-10AF (fiber_optic_connector) [detail]
[44/105] OPSB1ANNC1P1 (fiber_optic_connector) [detail]
[45/105] PXF4051 (fiber_optic_connector) [detail]
[46/105] 06FMN-BMTTN-A-TF (fpc_ffc_connector) [detail]
[47/105] TF38-16S-0.5SV(830) (fpc_ffc_connector) [detail]
[48/105] 1-88859-0 (fpc_ffc_connector) [detail]
[49/105] XF3M(1)-2015-1B (fpc_ffc_connector) [detail]
[50/105] 84953-8 (fpc_ffc_connector) [detail]
[51/105] 0472660001 (hdmi_connector) [detail]
[52/105] 0476301010 (hdmi_connector) [detail]
[53/105] DIS-23PFFS-SL8001 (hdmi_connector) [detail]
[54/105] HDMR-29-01-F-SM (hdmi_connector) [detail]
[55/105] 0471510112 (hdmi_connector) [detail]
[56/105] HLS-0412-S-2 (ic_socket_connector) [detail]
[57/105] 36-0518-10 (ic_socket_connector) [detail]
[58/105] 116-43-632-61-008000 (ic_socket_connector) [detail]
[59/105] ICA-624-ZSGG-L (ic_socket_connector) [detail]
[60/105] APH-0820-G-R (ic_socket_connector) [detail]
[61/105] FX2-20P-1.27DS (idc_connector) [detail]
[62/105] 2129260-1 (idc_connector) [detail]
[63/105] 112-014-213R001 (idc_connector) [detail]
[64/105] 15732500 (idc_connector) [detail]
[65/105] DX10AM-110SE2(50) (idc_connector) [detail]
[66/105] MTSW-112-07-L-S-175 (pin_header_socket) [detail]
[67/105] 1524910000 (pin_header_socket) [detail]
[68/105] MTMM-120-13-F-S-495 (pin_header_socket) [detail]
[69/105] SL 11 214 8 S (pin_header_socket) [detail]
[70/105] AW140-EG-G33A (pin_header_socket) [detail]
[71/105] 785-601 (pluggable_terminal_block) [detail]
[72/105] 15433.2 (pluggable_terminal_block) [detail]
[73/105] CX4/3/BL (pluggable_terminal_block) [detail]
[74/105] TJS320601 (pluggable_terminal_block) [detail]
[75/105] DP25-OR (pluggable_terminal_block) [detail]
[76/105] 1340G3-BK (power_connector) [detail]
[77/105] 105G12 (power_connector) [detail]
[78/105] 5953-BK (power_connector) [detail]
[79/105] 2-8255P13 (power_connector) [detail]
[80/105] 115G1-BK (power_connector) [detail]
[81/105] DF65-3S-1.7C (rectangular_connector) [detail]
[82/105] 1924393-1 (rectangular_connector) [detail]
[83/105] 9134564J0091 (rectangular_connector) [detail]
[84/105] STW12-34HG (rectangular_connector) [detail]
[85/105] 1605637 (rectangular_connector) [detail]
[86/105] 9133-9113-000 (rf_coaxial_connector) [detail]
[87/105] 51K507-803N5 (rf_coaxial_connector) [detail]
[88/105] 2082460204 (rf_coaxial_connector) [detail]
[89/105] CONMMCX013 (rf_coaxial_connector) [detail]
[90/105] RTD-75-M-00 (rf_coaxial_connector) [detail]
[91/105] USBBFTV7PE2N (usb_connector) [detail]
[92/105] MUSBA111M5 (usb_connector) [detail]
[93/105] USB-B-S-RA-WT-SPCC (usb_connector) [detail]
[94/105] GSB343K331HR (usb_connector) [detail]
[95/105] E8124-001-01 (usb_connector) [detail]
[96/105] KZ2170500000G (wire_to_board_connector) [detail]
[97/105] 1333827 (wire_to_board_connector) [detail]
[98/105] T32404540000G (wire_to_board_connector) [detail]
[99/105] AWLP 64/3,2-AS (wire_to_board_connector) [detail]
[100/105] 1751293 (wire_to_board_connector) [detail]
[101/105] 696427-1 (wire_to_wire_connector) [detail]
[102/105] 1301440027 (wire_to_wire_connector) [detail]
[103/105] PCSB350-4-3 (wire_to_wire_connector) [detail]
[104/105] BLKPSB2/0-AP-12 (wire_to_wire_connector) [detail]
[105/105] 0191980007 (wire_to_wire_connector) [detail]
Wrote 105 rows -> /home/zhengtianyou/Projects/data_etl/data_etl/artifacts/connector/connector_class_review_20260623.tsv
得捷详情页命中: 0/105 · bot拦截: 105
判定分布: {'consistent': 97, 'our_rule_gap': 8}
our_rule_gap=8 (7.6%)
 [detail]
[99/105] AWLP 64/3,2-AS (wire_to_board_connector) [detail]
[100/105] 1751293 (wire_to_board_connector) [detail]
[101/105] 696427-1 (wire_to_wire_connector) [detail]
[102/105] 1301440027 (wire_to_wire_connector) [detail]
[103/105] PCSB350-4-3 (wire_to_wire_connector) [detail]
[104/105] BLKPSB2/0-AP-12 (wire_to_wire_connector) [detail]
[105/105] 0191980007 (wire_to_wire_connector) [detail]
Wrote 105 rows -> /home/zhengtianyou/Projects/data_etl/data_etl/artifacts/connector/connector_class_review_20260623.tsv
得捷详情页命中: 0/105 · bot拦截: 105
判定分布: {'consistent': 98, 'our_rule_gap': 7}
our_rule_gap=7 (6.7%)
